[23:10:59] INFO: ============================================================
[23:10:59] INFO: Extracting feature: Number
[23:10:59] INFO: Output format: jsonl
[23:10:59] INFO: Including reconstructed text with highlighting
[23:10:59] INFO: ============================================================
[23:10:59] INFO: TBTA repo already exists at /tmp/tbta_db_export
[23:10:59] INFO: Updating TBTA repo with git pull...
[23:11:00] INFO: ✓ TBTA repo updated
[23:11:00] INFO: Using TBTA data from: /tmp/tbta_db_export/json
[23:11:00] INFO: Found 11649 TBTA verse files
[23:11:00] INFO: Processing: 100/11649 files (0%)
[23:11:00] INFO: Processing: 200/11649 files (1%)
[23:11:00] INFO: Processing: 300/11649 files (2%)
[23:11:00] INFO: Processing: 400/11649 files (3%)
[23:11:00] INFO: Processing: 500/11649 files (4%)
[23:11:00] INFO: Processing: 600/11649 files (5%)
[23:11:00] INFO: Processing: 700/11649 files (6%)
[23:11:00] INFO: Processing: 800/11649 files (6%)
[23:11:00] INFO: Processing: 900/11649 files (7%)
[23:11:00] INFO: Processing: 1000/11649 files (8%)
[23:11:00] INFO: Processing: 1100/11649 files (9%)
[23:11:00] INFO: Processing: 1200/11649 files (10%)
[23:11:00] INFO: Processing: 1300/11649 files (11%)
[23:11:00] INFO: Processing: 1400/11649 files (12%)
[23:11:00] INFO: Processing: 1500/11649 files (12%)
[23:11:00] INFO: Processing: 1600/11649 files (13%)
[23:11:00] INFO: Processing: 1700/11649 files (14%)
[23:11:00] INFO: Processing: 1800/11649 files (15%)
[23:11:00] INFO: Processing: 1900/11649 files (16%)
[23:11:00] INFO: Processing: 2000/11649 files (17%)
[23:11:00] INFO: Processing: 2100/11649 files (18%)
[23:11:00] INFO: Processing: 2200/11649 files (18%)
[23:11:00] INFO: Processing: 2300/11649 files (19%)
[23:11:00] INFO: Processing: 2400/11649 files (20%)
[23:11:00] INFO: Processing: 2500/11649 files (21%)
[23:11:00] INFO: Processing: 2600/11649 files (22%)
[23:11:00] INFO: Processing: 2700/11649 files (23%)
[23:11:00] INFO: Processing: 2800/11649 files (24%)
[23:11:00] INFO: Processing: 2900/11649 files (24%)
[23:11:00] INFO: Processing: 3000/11649 files (25%)
[23:11:00] INFO: Processing: 3100/11649 files (26%)
[23:11:00] INFO: Processing: 3200/11649 files (27%)
[23:11:00] INFO: Processing: 3300/11649 files (28%)
[23:11:00] INFO: Processing: 3400/11649 files (29%)
[23:11:00] INFO: Processing: 3500/11649 files (30%)
[23:11:00] INFO: Processing: 3600/11649 files (30%)
[23:11:00] INFO: Processing: 3700/11649 files (31%)
[23:11:00] INFO: Processing: 3800/11649 files (32%)
[23:11:00] INFO: Processing: 3900/11649 files (33%)
[23:11:00] INFO: Processing: 4000/11649 files (34%)
[23:11:00] INFO: Processing: 4100/11649 files (35%)
[23:11:00] INFO: Processing: 4200/11649 files (36%)
[23:11:00] INFO: Processing: 4300/11649 files (36%)
[23:11:00] INFO: Processing: 4400/11649 files (37%)
[23:11:00] INFO: Processing: 4500/11649 files (38%)
[23:11:01] INFO: Processing: 4600/11649 files (39%)
[23:11:01] INFO: Processing: 4700/11649 files (40%)
[23:11:01] INFO: Processing: 4800/11649 files (41%)
[23:11:01] INFO: Processing: 4900/11649 files (42%)
[23:11:01] INFO: Processing: 5000/11649 files (42%)
[23:11:01] INFO: Processing: 5100/11649 files (43%)
[23:11:01] INFO: Processing: 5200/11649 files (44%)
[23:11:01] INFO: Processing: 5300/11649 files (45%)
[23:11:01] INFO: Processing: 5400/11649 files (46%)
[23:11:01] INFO: Processing: 5500/11649 files (47%)
[23:11:01] INFO: Processing: 5600/11649 files (48%)
[23:11:01] INFO: Processing: 5700/11649 files (48%)
[23:11:01] INFO: Processing: 5800/11649 files (49%)
[23:11:01] INFO: Processing: 5900/11649 files (50%)
[23:11:01] INFO: Processing: 6000/11649 files (51%)
[23:11:01] INFO: Processing: 6100/11649 files (52%)
[23:11:01] INFO: Processing: 6200/11649 files (53%)
[23:11:01] INFO: Processing: 6300/11649 files (54%)
[23:11:01] INFO: Processing: 6400/11649 files (54%)
[23:11:01] INFO: Processing: 6500/11649 files (55%)
[23:11:01] INFO: Processing: 6600/11649 files (56%)
[23:11:01] INFO: Processing: 6700/11649 files (57%)
[23:11:01] INFO: Processing: 6800/11649 files (58%)
[23:11:01] INFO: Processing: 6900/11649 files (59%)
[23:11:01] INFO: Processing: 7000/11649 files (60%)
[23:11:01] INFO: Processing: 7100/11649 files (60%)
[23:11:01] INFO: Processing: 7200/11649 files (61%)
[23:11:01] INFO: Processing: 7300/11649 files (62%)
[23:11:01] INFO: Processing: 7400/11649 files (63%)
[23:11:01] INFO: Processing: 7500/11649 files (64%)
[23:11:01] INFO: Processing: 7600/11649 files (65%)
[23:11:01] INFO: Processing: 7700/11649 files (66%)
[23:11:01] INFO: Processing: 7800/11649 files (66%)
[23:11:01] INFO: Processing: 7900/11649 files (67%)
[23:11:01] INFO: Processing: 8000/11649 files (68%)
[23:11:01] INFO: Processing: 8100/11649 files (69%)
[23:11:01] INFO: Processing: 8200/11649 files (70%)
[23:11:01] INFO: Processing: 8300/11649 files (71%)
[23:11:01] INFO: Processing: 8400/11649 files (72%)
[23:11:01] INFO: Processing: 8500/11649 files (72%)
[23:11:01] INFO: Processing: 8600/11649 files (73%)
[23:11:01] INFO: Processing: 8700/11649 files (74%)
[23:11:01] INFO: Processing: 8800/11649 files (75%)
[23:11:01] INFO: Processing: 8900/11649 files (76%)
[23:11:01] INFO: Processing: 9000/11649 files (77%)
[23:11:02] INFO: Processing: 9100/11649 files (78%)
[23:11:02] INFO: Processing: 9200/11649 files (78%)
[23:11:02] INFO: Processing: 9300/11649 files (79%)
[23:11:02] INFO: Processing: 9400/11649 files (80%)
[23:11:02] INFO: Processing: 9500/11649 files (81%)
[23:11:02] INFO: Processing: 9600/11649 files (82%)
[23:11:02] INFO: Processing: 9700/11649 files (83%)
[23:11:02] INFO: Processing: 9800/11649 files (84%)
[23:11:02] INFO: Processing: 9900/11649 files (84%)
[23:11:02] INFO: Processing: 10000/11649 files (85%)
[23:11:02] INFO: Processing: 10100/11649 files (86%)
[23:11:02] INFO: Processing: 10200/11649 files (87%)
[23:11:02] INFO: Processing: 10300/11649 files (88%)
[23:11:02] INFO: Processing: 10400/11649 files (89%)
[23:11:02] INFO: Processing: 10500/11649 files (90%)
[23:11:02] INFO: Processing: 10600/11649 files (90%)
[23:11:02] INFO: Processing: 10700/11649 files (91%)
[23:11:02] INFO: Processing: 10800/11649 files (92%)
[23:11:02] INFO: Processing: 10900/11649 files (93%)
[23:11:02] INFO: Processing: 11000/11649 files (94%)
[23:11:02] INFO: Processing: 11100/11649 files (95%)
[23:11:02] INFO: Processing: 11200/11649 files (96%)
[23:11:02] INFO: Processing: 11300/11649 files (97%)
[23:11:02] INFO: Processing: 11400/11649 files (97%)
[23:11:02] INFO: Processing: 11500/11649 files (98%)
[23:11:02] INFO: Processing: 11600/11649 files (99%)
[23:11:02] INFO: Processing: 11649/11649 files (100%)
[23:11:02] INFO: ============================================================
[23:11:02] INFO: EXTRACTION COMPLETE
[23:11:02] INFO: ============================================================
[23:11:02] INFO: Files processed successfully: 11649/11649
[23:11:02] INFO: Files with errors: 0
[23:11:02] INFO: Total annotations extracted: 171876
[23:11:02] INFO: 
Label distribution:
[23:11:02] INFO:   Singular: 113745
[23:11:02] INFO:   Plural: 55654
[23:11:02] INFO:   Dual: 1744
[23:11:02] INFO:   Trial: 496
[23:11:02] INFO:   Quadrial: 185
[23:11:02] INFO:   Paucal: 52
[23:11:02] INFO: ============================================================
[23:11:03] INFO: ✓ Output written to: bible-study-tools/tbta/features/number-systems/analysis/tbta-extract.jsonl
